// Jest Snapshot v1, https://goo.gl/fbAQLP

exports[`box should renders correctly 1`] = `
<View
  style={
    [
      {},
    ]
  }
/>
`;
