// Jest Snapshot v1, https://goo.gl/fbAQLP

exports[`text should render correctly 1`] = `
<Text
  style={
    [
      {
        "color": "hsl(0, 0%, 0%)",
        "fontFamily": "Inter-Regular",
        "fontSize": 16,
        "lineHeight": 24,
      },
    ]
  }
/>
`;
