// Jest Snapshot v1, https://goo.gl/fbAQLP

exports[`icon.tsx should render correctly 1`] = `<Text />`;
